
Aluno@PC318 MINGW64 ~/Desktop/projeto git
$ gitnit
bash: gitnit: command not found

Aluno@PC318 MINGW64 ~/Desktop/projeto git
$ git init
Initialized empty Git repository in C:/Users/Aluno/Desktop/projeto git/.git/

Aluno@PC318 MINGW64 ~/Desktop/projeto git (master)
$ git add
Nothing specified, nothing added.
hint: Maybe you wanted to say 'git add .'?
hint: Turn this message off by running
hint: "git config advice.addEmptyPathspec false"

Aluno@PC318 MINGW64 ~/Desktop/projeto git (master)
$ git add index.html

Aluno@PC318 MINGW64 ~/Desktop/projeto git (master)
$ git commit -m "primerio commit"
Author identity unknown

*** Please tell me who you are.

Run

  git config --global user.email "you@example.com"
  git config --global user.name "Your Name"

to set your account's default identity.
Omit --global to set the identity only in this repository.

fatal: unable to auto-detect email address (got 'Aluno@PC318.(none)')

Aluno@PC318 MINGW64 ~/Desktop/projeto git (master)
$ git config --global user.email "lukascardosoiggo@gmail.com"

Aluno@PC318 MINGW64 ~/Desktop/projeto git (master)
$ git commit -m "primerio commit"
[master (root-commit) 3cb4c3a] primerio commit
 1 file changed, 9 insertions(+)
 create mode 100644 index.html

Aluno@PC318 MINGW64 ~/Desktop/projeto git (master)
$ git remote add origin https://github.com/lotpassent/primeiro_repository.git

Aluno@PC318 MINGW64 ~/Desktop/projeto git (master)
$ git push -u origin master
Enumerating objects: 3, done.
Counting objects: 100% (3/3), done.
Delta compression using up to 12 threads
Compressing objects: 100% (2/2), done.
Writing objects: 100% (3/3), 313 bytes | 313.00 KiB/s, done.
Total 3 (delta 0), reused 0 (delta 0), pack-reused 0
To https://github.com/lotpassent/primeiro_repository.git
 * [new branch]      master -> master
branch 'master' set up to track 'origin/master'.

Aluno@PC318 MINGW64 ~/Desktop/projeto git (master)
$ git add.
git: 'add.' is not a git command. See 'git --help'.

The most similar command is
        add

Aluno@PC318 MINGW64 ~/Desktop/projeto git (master)
$ gir add .
bash: gir: command not found

Aluno@PC318 MINGW64 ~/Desktop/projeto git (master)
$ git add .

Aluno@PC318 MINGW64 ~/Desktop/projeto git (master)
$ git status
On branch master
Your branch is up to date with 'origin/master'.

Changes to be committed:
  (use "git restore --staged <file>..." to unstage)
        new file:   projetogit.html
        new file:   script.js


Aluno@PC318 MINGW64 ~/Desktop/projeto git (master)
$ git add .

Aluno@PC318 MINGW64 ~/Desktop/projeto git (master)
$ git commit -m "adicionando js"
[master 5ece38e] adicionando js
 3 files changed, 11 insertions(+), 1 deletion(-)
 create mode 100644 projetogit.html
 create mode 100644 script.js

Aluno@PC318 MINGW64 ~/Desktop/projeto git (master)
$ git push origin master
Enumerating objects: 6, done.
Counting objects: 100% (6/6), done.
Delta compression using up to 12 threads
Compressing objects: 100% (3/3), done.
Writing objects: 100% (4/4), 433 bytes | 433.00 KiB/s, done.
Total 4 (delta 1), reused 0 (delta 0), pack-reused 0
remote: Resolving deltas: 100% (1/1), completed with 1 local object.
To https://github.com/lotpassent/primeiro_repository.git
   3cb4c3a..5ece38e  master -> master

Aluno@PC318 MINGW64 ~/Desktop/projeto git (master)
$
